pkgname = override-pkg
pkgver = 9.9.9-r99
arch = amd64
size = 424242
pkgdesc = Foo does things
url = http://carlosbecker.com
builddate = 1712659200
packager = Alice Builder <alice@example.com>
origin = foo-origin
commit = abc123def456
maintainer = Carlos A Becker <pkg@carlosbecker.com>
replaces_priority = 10
provider_priority = 20
replaces = svn
replaces = subversion
provides = bzr
provides = zzz
depend = bash
depend = foo
triggers = /bin/sh
triggers = /etc/apk/foo
install_if = openrc
install_if = !udev
license = MIT
datahash = abababababababababababababababababababababababababababababababab
